app/dashboard/page.tsx(4,108): error TS2307: Cannot find module '@/lib/db' or its corresponding type declarations.
app/dashboard/page.tsx(5,20): error TS2307: Cannot find module '@/components/navbar' or its corresponding type declarations.
app/dashboard/page.tsx(6,20): error TS2307: Cannot find module '@/components/footer' or its corresponding type declarations.
app/dashboard/page.tsx(7,31): error TS2307: Cannot find module '@/components/simulation-builder' or its corresponding type declarations.
app/dashboard/page.tsx(8,24): error TS2307: Cannot find module '@/components/ui/slider' or its corresponding type declarations.
app/dashboard/page.tsx(9,24): error TS2307: Cannot find module '@/components/ui/button' or its corresponding type declarations.
app/dashboard/page.tsx(16,8): error TS2307: Cannot find module '@/components/ui/select' or its corresponding type declarations.
app/dashboard/page.tsx(35,8): error TS2307: Cannot find module '@/lib/dataset' or its corresponding type declarations.
app/dashboard/page.tsx(43,8): error TS2307: Cannot find module '@/lib/predictionModel' or its corresponding type declarations.
app/layout.tsx(43,31): error TS2307: Cannot find module '@/components/theme-provider' or its corresponding type declarations.
app/page.tsx(3,20): error TS2307: Cannot find module '@/components/navbar' or its corresponding type declarations.
app/page.tsx(4,18): error TS2307: Cannot find module '@/components/hero' or its corresponding type declarations.
app/page.tsx(5,28): error TS2307: Cannot find module '@/components/climate-metrics' or its corresponding type declarations.
app/page.tsx(6,23): error TS2307: Cannot find module '@/components/crop-cards' or its corresponding type declarations.
app/page.tsx(7,29): error TS2307: Cannot find module '@/components/climate-selector' or its corresponding type declarations.
app/page.tsx(8,31): error TS2307: Cannot find module '@/components/simulation-results' or its corresponding type declarations.
app/page.tsx(9,30): error TS2307: Cannot find module '@/components/climate-scenarios' or its corresponding type declarations.
app/page.tsx(10,24): error TS2307: Cannot find module '@/components/newsletter' or its corresponding type declarations.
app/page.tsx(11,20): error TS2307: Cannot find module '@/components/footer' or its corresponding type declarations.
app/simulation/page.tsx(3,20): error TS2307: Cannot find module '@/components/navbar' or its corresponding type declarations.
app/simulation/page.tsx(4,20): error TS2307: Cannot find module '@/components/footer' or its corresponding type declarations.
app/simulation/page.tsx(5,31): error TS2307: Cannot find module '@/components/simulation-builder' or its corresponding type declarations.
components/climate-scenarios.tsx(4,24): error TS2307: Cannot find module '@/components/ui/button' or its corresponding type declarations.
components/climate-selector.tsx(4,24): error TS2307: Cannot find module '@/components/ui/slider' or its corresponding type declarations.
components/climate-selector.tsx(6,24): error TS2307: Cannot find module '@/components/ui/button' or its corresponding type declarations.
components/climate-selector.tsx(8,30): error TS2307: Cannot find module '@/lib/predictionModel' or its corresponding type declarations.
components/climate-selector.tsx(9,35): error TS2307: Cannot find module '@/lib/dataset' or its corresponding type declarations.
components/crop-cards.tsx(3,24): error TS2307: Cannot find module '@/components/ui/button' or its corresponding type declarations.
components/hero.tsx(3,24): error TS2307: Cannot find module '@/components/ui/button' or its corresponding type declarations.
components/newsletter.tsx(4,24): error TS2307: Cannot find module '@/components/ui/button' or its corresponding type declarations.
components/newsletter.tsx(5,23): error TS2307: Cannot find module '@/components/ui/input' or its corresponding type declarations.
components/simulation-builder.tsx(4,48): error TS2307: Cannot find module '@/lib/db' or its corresponding type declarations.
components/simulation-builder.tsx(5,24): error TS2307: Cannot find module '@/components/ui/slider' or its corresponding type declarations.
components/simulation-builder.tsx(6,24): error TS2307: Cannot find module '@/components/ui/button' or its corresponding type declarations.
components/simulation-builder.tsx(13,8): error TS2307: Cannot find module '@/components/ui/select' or its corresponding type declarations.
components/simulation-builder.tsx(14,54): error TS2307: Cannot find module '@/lib/predictionModel' or its corresponding type declarations.
components/simulation-builder.tsx(15,35): error TS2307: Cannot find module '@/lib/dataset' or its corresponding type declarations.
components/simulation-results.tsx(4,24): error TS2307: Cannot find module '@/components/ui/button' or its corresponding type declarations.
components/ui/accordion.tsx(7,20): error TS2307: Cannot find module '@/lib/utils' or its corresponding type declarations.
components/ui/alert-dialog.tsx(6,20): error TS2307: Cannot find module '@/lib/utils' or its corresponding type declarations.
components/ui/alert-dialog.tsx(7,32): error TS2307: Cannot find module '@/components/ui/button' or its corresponding type declarations.
components/ui/alert.tsx(4,20): error TS2307: Cannot find module '@/lib/utils' or its corresponding type declarations.
components/ui/avatar.tsx(6,20): error TS2307: Cannot find module '@/lib/utils' or its corresponding type declarations.
components/ui/badge.tsx(5,20): error TS2307: Cannot find module '@/lib/utils' or its corresponding type declarations.
components/ui/breadcrumb.tsx(5,20): error TS2307: Cannot find module '@/lib/utils' or its corresponding type declarations.
components/ui/button-group.tsx(4,20): error TS2307: Cannot find module '@/lib/utils' or its corresponding type declarations.
components/ui/button-group.tsx(5,27): error TS2307: Cannot find module '@/components/ui/separator' or its corresponding type declarations.
components/ui/button.tsx(5,20): error TS2307: Cannot find module '@/lib/utils' or its corresponding type declarations.
components/ui/calendar.tsx(11,20): error TS2307: Cannot find module '@/lib/utils' or its corresponding type declarations.
components/ui/calendar.tsx(12,40): error TS2307: Cannot find module '@/components/ui/button' or its corresponding type declarations.
components/ui/card.tsx(3,20): error TS2307: Cannot find module '@/lib/utils' or its corresponding type declarations.
components/ui/carousel.tsx(9,20): error TS2307: Cannot find module '@/lib/utils' or its corresponding type declarations.
components/ui/carousel.tsx(10,24): error TS2307: Cannot find module '@/components/ui/button' or its corresponding type declarations.
components/ui/chart.tsx(6,20): error TS2307: Cannot find module '@/lib/utils' or its corresponding type declarations.
components/ui/checkbox.tsx(7,20): error TS2307: Cannot find module '@/lib/utils' or its corresponding type declarations.
components/ui/command.tsx(7,20): error TS2307: Cannot find module '@/lib/utils' or its corresponding type declarations.
components/ui/command.tsx(14,8): error TS2307: Cannot find module '@/components/ui/dialog' or its corresponding type declarations.
components/ui/context-menu.tsx(7,20): error TS2307: Cannot find module '@/lib/utils' or its corresponding type declarations.
components/ui/dialog.tsx(7,20): error TS2307: Cannot find module '@/lib/utils' or its corresponding type declarations.
components/ui/drawer.tsx(6,20): error TS2307: Cannot find module '@/lib/utils' or its corresponding type declarations.
components/ui/dropdown-menu.tsx(7,20): error TS2307: Cannot find module '@/lib/utils' or its corresponding type declarations.
components/ui/empty.tsx(3,20): error TS2307: Cannot find module '@/lib/utils' or its corresponding type declarations.
components/ui/field.tsx(6,20): error TS2307: Cannot find module '@/lib/utils' or its corresponding type declarations.
components/ui/field.tsx(7,23): error TS2307: Cannot find module '@/components/ui/label' or its corresponding type declarations.
components/ui/field.tsx(8,27): error TS2307: Cannot find module '@/components/ui/separator' or its corresponding type declarations.
components/ui/form.tsx(16,20): error TS2307: Cannot find module '@/lib/utils' or its corresponding type declarations.
components/ui/form.tsx(17,23): error TS2307: Cannot find module '@/components/ui/label' or its corresponding type declarations.
components/ui/hover-card.tsx(6,20): error TS2307: Cannot find module '@/lib/utils' or its corresponding type declarations.
components/ui/input-group.tsx(5,20): error TS2307: Cannot find module '@/lib/utils' or its corresponding type declarations.
components/ui/input-group.tsx(6,24): error TS2307: Cannot find module '@/components/ui/button' or its corresponding type declarations.
components/ui/input-group.tsx(7,23): error TS2307: Cannot find module '@/components/ui/input' or its corresponding type declarations.
components/ui/input-group.tsx(8,26): error TS2307: Cannot find module '@/components/ui/textarea' or its corresponding type declarations.
components/ui/input-otp.tsx(7,20): error TS2307: Cannot find module '@/lib/utils' or its corresponding type declarations.
components/ui/input.tsx(3,20): error TS2307: Cannot find module '@/lib/utils' or its corresponding type declarations.
components/ui/item.tsx(5,20): error TS2307: Cannot find module '@/lib/utils' or its corresponding type declarations.
components/ui/item.tsx(6,27): error TS2307: Cannot find module '@/components/ui/separator' or its corresponding type declarations.
components/ui/kbd.tsx(1,20): error TS2307: Cannot find module '@/lib/utils' or its corresponding type declarations.
components/ui/label.tsx(6,20): error TS2307: Cannot find module '@/lib/utils' or its corresponding type declarations.
components/ui/menubar.tsx(7,20): error TS2307: Cannot find module '@/lib/utils' or its corresponding type declarations.
components/ui/navigation-menu.tsx(6,20): error TS2307: Cannot find module '@/lib/utils' or its corresponding type declarations.
components/ui/pagination.tsx(8,20): error TS2307: Cannot find module '@/lib/utils' or its corresponding type declarations.
components/ui/pagination.tsx(9,40): error TS2307: Cannot find module '@/components/ui/button' or its corresponding type declarations.
components/ui/popover.tsx(6,20): error TS2307: Cannot find module '@/lib/utils' or its corresponding type declarations.
components/ui/progress.tsx(6,20): error TS2307: Cannot find module '@/lib/utils' or its corresponding type declarations.
components/ui/radio-group.tsx(7,20): error TS2307: Cannot find module '@/lib/utils' or its corresponding type declarations.
components/ui/resizable.tsx(7,20): error TS2307: Cannot find module '@/lib/utils' or its corresponding type declarations.
components/ui/scroll-area.tsx(6,20): error TS2307: Cannot find module '@/lib/utils' or its corresponding type declarations.
components/ui/select.tsx(7,20): error TS2307: Cannot find module '@/lib/utils' or its corresponding type declarations.
components/ui/separator.tsx(6,20): error TS2307: Cannot find module '@/lib/utils' or its corresponding type declarations.
components/ui/sheet.tsx(7,20): error TS2307: Cannot find module '@/lib/utils' or its corresponding type declarations.
components/ui/sidebar.tsx(8,29): error TS2307: Cannot find module '@/hooks/use-mobile' or its corresponding type declarations.
components/ui/sidebar.tsx(9,20): error TS2307: Cannot find module '@/lib/utils' or its corresponding type declarations.
components/ui/sidebar.tsx(10,24): error TS2307: Cannot find module '@/components/ui/button' or its corresponding type declarations.
components/ui/sidebar.tsx(11,23): error TS2307: Cannot find module '@/components/ui/input' or its corresponding type declarations.
components/ui/sidebar.tsx(12,27): error TS2307: Cannot find module '@/components/ui/separator' or its corresponding type declarations.
components/ui/sidebar.tsx(19,8): error TS2307: Cannot find module '@/components/ui/sheet' or its corresponding type declarations.
components/ui/sidebar.tsx(20,26): error TS2307: Cannot find module '@/components/ui/skeleton' or its corresponding type declarations.
components/ui/sidebar.tsx(26,8): error TS2307: Cannot find module '@/components/ui/tooltip' or its corresponding type declarations.
components/ui/skeleton.tsx(1,20): error TS2307: Cannot find module '@/lib/utils' or its corresponding type declarations.
components/ui/slider.tsx(6,20): error TS2307: Cannot find module '@/lib/utils' or its corresponding type declarations.
components/ui/spinner.tsx(3,20): error TS2307: Cannot find module '@/lib/utils' or its corresponding type declarations.
components/ui/switch.tsx(6,20): error TS2307: Cannot find module '@/lib/utils' or its corresponding type declarations.
components/ui/table.tsx(5,20): error TS2307: Cannot find module '@/lib/utils' or its corresponding type declarations.
components/ui/tabs.tsx(6,20): error TS2307: Cannot find module '@/lib/utils' or its corresponding type declarations.
components/ui/textarea.tsx(3,20): error TS2307: Cannot find module '@/lib/utils' or its corresponding type declarations.
components/ui/toast.tsx(8,20): error TS2307: Cannot find module '@/lib/utils' or its corresponding type declarations.
components/ui/toaster.tsx(3,26): error TS2307: Cannot find module '@/hooks/use-toast' or its corresponding type declarations.
components/ui/toaster.tsx(11,8): error TS2307: Cannot find module '@/components/ui/toast' or its corresponding type declarations.
components/ui/toggle-group.tsx(7,20): error TS2307: Cannot find module '@/lib/utils' or its corresponding type declarations.
components/ui/toggle-group.tsx(8,32): error TS2307: Cannot find module '@/components/ui/toggle' or its corresponding type declarations.
components/ui/toggle.tsx(7,20): error TS2307: Cannot find module '@/lib/utils' or its corresponding type declarations.
components/ui/tooltip.tsx(6,20): error TS2307: Cannot find module '@/lib/utils' or its corresponding type declarations.
components/ui/use-toast.ts(6,53): error TS2307: Cannot find module '@/components/ui/toast' or its corresponding type declarations.
hooks/use-toast.ts(6,53): error TS2307: Cannot find module '@/components/ui/toast' or its corresponding type declarations.
tailwind.config.ts(1,29): error TS2307: Cannot find module 'tailwindcss' or its corresponding type declarations.
  There are types at 'D:/Projects/YeildSim Project/node_modules/tailwindcss/dist/lib.d.mts', but this result could not be resolved under your current 'moduleResolution' setting. Consider updating to 'node16', 'nodenext', or 'bundler'.
